Test run: 2026-07-27T05:27:56.187295
Property test: PASS - All invariants passed.
Stress test: {'concurrency': 1, 'success_rate': 0.0, 'avg_lat': 999}
Soak test: drift=3521 MB